// Jest Snapshot v1, https://goo.gl/fbAQLP

exports[`render without error 1`] = `
<button
  class="text-white inline-flex p-3 hover:bg-gray-900 rounded lg:hidden ml-auto hover:text-white outline-none nav-toggler"
  data-testid="menu-button"
>
  <svg
    class="menu w-6 h-6 text-white"
    fill="currentColor"
    viewBox="0 0 20 20"
  >
    <path
      clip-rule="evenodd"
      d="M3 5a1 1 0 011-1h12a1 1 0 110 2H4a1 1 0 01-1-1zM3 10a1 1 0 011-1h12a1 1 0 110 2H4a1 1 0 01-1-1zM3 15a1 1 0 011-1h12a1 1 0 110 2H4a1 1 0 01-1-1z"
      fill-rule="evenodd"
    />
  </svg>
</button>
`;
